// Jest Snapshot v1, https://goo.gl/fbAQLP

exports[`MAIN Should render heading to Main 1`] = `
<main
  class="styles__Wrapper-sc-1cs6c8-0 iAwbZK"
>
  <img
    alt="Logo do React Avançado na esquerda da tela"
    class="styles__Logo-sc-1cs6c8-1 igVxLV"
    src="/img/logo.svg"
  />
  <h1
    class="styles__Title-sc-1cs6c8-2 VHROD"
  >
    Desenvolvimento em React com Next
  </h1>
  <h2
    class="styles__Description-sc-1cs6c8-3 gQTEEc"
  >
    criando uma applicação para conhecer o tal do next
  </h2>
  <img
    alt="pessoa sentada na cadeira escrevendo no computador"
    class="styles__illustration-sc-1cs6c8-4 iXMqEt"
    src="/img/hero-illustration.svg"
  />
</main>
`;
